This is pdfTeX, Version 3.141592653-2.6-1.40.26 (MiKTeX 24.4) (preloaded format=pdflatex.fmt)
 restricted \write18 enabled.
entering extended mode
(manuscript.tex
LaTeX2e <2024-06-01> patch level 2
L3 programming layer <2024-08-30>
(C:\Users\pauls\AppData\Local\Programs\MiKTeX\tex/latex/base\article.cls
Document Class: article 2024/02/08 v1.4n Standard LaTeX document class
(C:\Users\pauls\AppData\Local\Programs\MiKTeX\tex/latex/base\size10.clo))
(C:\Users\pauls\AppData\Local\Programs\MiKTeX\tex/latex/geometry\geometry.sty
(C:\Users\pauls\AppData\Local\Programs\MiKTeX\tex/latex/graphics\keyval.sty)
(C:\Users\pauls\AppData\Local\Programs\MiKTeX\tex/generic/iftex\ifvtex.sty
(C:\Users\pauls\AppData\Local\Programs\MiKTeX\tex/generic/iftex\iftex.sty))
(C:\Users\pauls\AppData\Local\Programs\MiKTeX\tex/latex/geometry\geometry.cfg))
(C:\Users\pauls\AppData\Local\Programs\MiKTeX\tex/latex/amsmath\amsmath.sty
For additional information on amsmath, use the `?' option.
(C:\Users\pauls\AppData\Local\Programs\MiKTeX\tex/latex/amsmath\amstext.sty
(C:\Users\pauls\AppData\Local\Programs\MiKTeX\tex/latex/amsmath\amsgen.sty))
(C:\Users\pauls\AppData\Local\Programs\MiKTeX\tex/latex/amsmath\amsbsy.sty)
(C:\Users\pauls\AppData\Local\Programs\MiKTeX\tex/latex/amsmath\amsopn.sty))
(C:\Users\pauls\AppData\Local\Programs\MiKTeX\tex/latex/amsfonts\amssymb.sty
(C:\Users\pauls\AppData\Local\Programs\MiKTeX\tex/latex/amsfonts\amsfonts.sty))
 (C:\Users\pauls\AppData\Local\Programs\MiKTeX\tex/latex/amscls\amsthm.sty)
(C:\Users\pauls\AppData\Local\Programs\MiKTeX\tex/latex/graphics\graphicx.sty
(C:\Users\pauls\AppData\Local\Programs\MiKTeX\tex/latex/graphics\graphics.sty
(C:\Users\pauls\AppData\Local\Programs\MiKTeX\tex/latex/graphics\trig.sty)
(C:\Users\pauls\AppData\Local\Programs\MiKTeX\tex/latex/graphics-cfg\graphics.c
fg)
(C:\Users\pauls\AppData\Local\Programs\MiKTeX\tex/latex/graphics-def\pdftex.def
))) (C:\Users\pauls\AppData\Local\Programs\MiKTeX\tex/latex/xcolor\xcolor.sty
(C:\Users\pauls\AppData\Local\Programs\MiKTeX\tex/latex/graphics-cfg\color.cfg)
(C:\Users\pauls\AppData\Local\Programs\MiKTeX\tex/latex/graphics\mathcolor.ltx)
) (C:\Users\pauls\AppData\Local\Programs\MiKTeX\tex/latex/colortbl\colortbl.sty
(C:\Users\pauls\AppData\Local\Programs\MiKTeX\tex/latex/tools\array.sty))
(C:\Users\pauls\AppData\Local\Programs\MiKTeX\tex/latex/caption\caption.sty
(C:\Users\pauls\AppData\Local\Programs\MiKTeX\tex/latex/caption\caption3.sty))
(C:\Users\pauls\AppData\Local\Programs\MiKTeX\tex/latex/caption\subcaption.sty)
 (C:\Users\pauls\AppData\Local\Programs\MiKTeX\tex/latex/cite\cite.sty)
(C:\Users\pauls\AppData\Local\Programs\MiKTeX\tex/latex/lineno\lineno.sty
(C:\Users\pauls\AppData\Local\Programs\MiKTeX\tex/latex/etoolbox\etoolbox.sty)
(C:\Users\pauls\AppData\Local\Programs\MiKTeX\tex/latex/kvoptions\kvoptions.sty
(C:\Users\pauls\AppData\Local\Programs\MiKTeX\tex/generic/ltxcmds\ltxcmds.sty)
(C:\Users\pauls\AppData\Local\Programs\MiKTeX\tex/latex/kvsetkeys\kvsetkeys.sty
)))
(C:\Users\pauls\AppData\Local\Programs\MiKTeX\tex/latex/fancyhdr\fancyhdr.sty)
(C:\Users\pauls\AppData\Local\Programs\MiKTeX\tex/latex/hyperref\hyperref.sty
(C:\Users\pauls\AppData\Local\Programs\MiKTeX\tex/generic/kvdefinekeys\kvdefine
keys.sty)
(C:\Users\pauls\AppData\Local\Programs\MiKTeX\tex/generic/pdfescape\pdfescape.s
ty
(C:\Users\pauls\AppData\Local\Programs\MiKTeX\tex/generic/pdftexcmds\pdftexcmds
.sty
(C:\Users\pauls\AppData\Local\Programs\MiKTeX\tex/generic/infwarerr\infwarerr.s
ty)))
(C:\Users\pauls\AppData\Local\Programs\MiKTeX\tex/latex/hycolor\hycolor.sty)
(C:\Users\pauls\AppData\Local\Programs\MiKTeX\tex/latex/hyperref\nameref.sty
(C:\Users\pauls\AppData\Local\Programs\MiKTeX\tex/latex/refcount\refcount.sty)
(C:\Users\pauls\AppData\Local\Programs\MiKTeX\tex/generic/gettitlestring\gettit
lestring.sty))
(C:\Users\pauls\AppData\Local\Programs\MiKTeX\tex/generic/stringenc\stringenc.s
ty) (C:\Users\pauls\AppData\Local\Programs\MiKTeX\tex/latex/hyperref\pd1enc.def
) (C:\Users\pauls\AppData\Local\Programs\MiKTeX\tex/generic/intcalc\intcalc.sty
) (C:\Users\pauls\AppData\Local\Programs\MiKTeX\tex/latex/hyperref\puenc.def)
(C:\Users\pauls\AppData\Local\Programs\MiKTeX\tex/latex/url\url.sty)
(C:\Users\pauls\AppData\Local\Programs\MiKTeX\tex/generic/bitset\bitset.sty
(C:\Users\pauls\AppData\Local\Programs\MiKTeX\tex/generic/bigintcalc\bigintcalc
.sty))
(C:\Users\pauls\AppData\Local\Programs\MiKTeX\tex/latex/base\atbegshi-ltx.sty))
(C:\Users\pauls\AppData\Local\Programs\MiKTeX\tex/latex/hyperref\hpdftex.def
(C:\Users\pauls\AppData\Local\Programs\MiKTeX\tex/latex/base\atveryend-ltx.sty)

(C:\Users\pauls\AppData\Local\Programs\MiKTeX\tex/latex/rerunfilecheck\rerunfil
echeck.sty
(C:\Users\pauls\AppData\Local\Programs\MiKTeX\tex/generic/uniquecounter\uniquec
ounter.sty)))
(C:\Users\pauls\AppData\Local\Programs\MiKTeX\tex/latex/l3backend\l3backend-pdf
tex.def) (manuscript.aux)
*geometry* driver: auto-detecting
*geometry* detected driver: pdftex

(C:\Users\pauls\AppData\Local\Programs\MiKTeX\tex/context/base/mkii\supp-pdf.mk
ii
[Loading MPS to PDF converter (version 2006.09.02).]
)
(C:\Users\pauls\AppData\Local\Programs\MiKTeX\tex/latex/epstopdf-pkg\epstopdf-b
ase.sty
(C:\Users\pauls\AppData\Local\Programs\MiKTeX\tex/latex/00miktex\epstopdf-sys.c
fg)) (manuscript.out) (manuscript.out)
(C:\Users\pauls\AppData\Local\Programs\MiKTeX\tex/latex/amsfonts\umsa.fd)
(C:\Users\pauls\AppData\Local\Programs\MiKTeX\tex/latex/amsfonts\umsb.fd)
[1{C:/Users/pauls/AppData/Local/MiKTeX/fonts/map/pdftex/pdftex.map}]
[2]
[3] (manuscript.aux) )<C:/Users/pauls/AppData/Local/Programs/MiKTeX/fonts/type1
/public/amsfonts/cm/cmbx10.pfb><C:/Users/pauls/AppData/Local/Programs/MiKTeX/fo
nts/type1/public/amsfonts/cm/cmbx12.pfb><C:/Users/pauls/AppData/Local/Programs/
MiKTeX/fonts/type1/public/amsfonts/cm/cmmi10.pfb><C:/Users/pauls/AppData/Local/
Programs/MiKTeX/fonts/type1/public/amsfonts/cm/cmmi7.pfb><C:/Users/pauls/AppDat
a/Local/Programs/MiKTeX/fonts/type1/public/amsfonts/cm/cmr10.pfb><C:/Users/paul
s/AppData/Local/Programs/MiKTeX/fonts/type1/public/amsfonts/cm/cmr7.pfb><C:/Use
rs/pauls/AppData/Local/Programs/MiKTeX/fonts/type1/public/amsfonts/cm/cmss8.pfb
><C:/Users/pauls/AppData/Local/Programs/MiKTeX/fonts/type1/public/amsfonts/cm/c
msy10.pfb><C:/Users/pauls/AppData/Local/Programs/MiKTeX/fonts/type1/public/amsf
onts/cm/cmsy7.pfb><C:/Users/pauls/AppData/Local/Programs/MiKTeX/fonts/type1/pub
lic/amsfonts/cm/cmti10.pfb>
Output written on manuscript.pdf (3 pages, 157673 bytes).
Transcript written on manuscript.log.
